// Jest Snapshot v1, https://goo.gl/fbAQLP

exports[`<Button /> should render same with snapshot 1`] = `
.c0 {
  display: -webkit-box;
  display: -webkit-flex;
  display: -ms-flexbox;
  display: flex;
  -webkit-flex-direction: row;
  -ms-flex-direction: row;
  flex-direction: row;
  width: 100%;
  -webkit-align-items: center;
  -webkit-box-align: center;
  -ms-flex-align: center;
  align-items: center;
  -webkit-box-pack: start;
  -webkit-justify-content: flex-start;
  -ms-flex-pack: start;
  justify-content: flex-start;
  gap: 10px;
  cursor: pointer;
}

.c1 {
  position: relative;
  height: 16px;
}

.c3 {
  height: 100%;
}

.c2 {
  position: absolute;
  bottom: 5px;
  left: 1px;
}

<div>
  <div
    class="c0"
  >
    <div
      class="c1"
    >
      <img
        class="c2"
      />
      <img
        class="c3"
      />
    </div>
    ~약관에 동의
  </div>
</div>
`;
