// Jest Snapshot v1, https://goo.gl/fbAQLP

exports[`<ProductItem /> should render same with snapshot 1`] = `
.c1 {
  position: relative;
  height: 300px;
  width: 230px;
  -webkit-transition: all 300ms;
  transition: all 300ms;
}

.c3 {
  height: 300px;
  width: 230px;
  border-radius: 10px;
  -webkit-filter: drop-shadow(0px 4px 4px rgba(0,0,0,0.25)) drop-shadow(2px 2px 12px rgba(0,0,0,0.15));
  filter: drop-shadow(0px 4px 4px rgba(0,0,0,0.25)) drop-shadow(2px 2px 12px rgba(0,0,0,0.15));
  -webkit-transition: all 300ms;
  transition: all 300ms;
}

.c0:hover .c2 {
  -webkit-filter: brightness(60%);
  filter: brightness(60%);
  -webkit-transform: scale(1.08);
  -ms-transform: scale(1.08);
  transform: scale(1.08);
  box-shadow: 0px 4px 4px rgba(0,0,0,0.25), 2px 2px 12px rgba(0,0,0,0.15);
}

<div>
  <div
    class="c0 c1"
  >
    <img
      class="c2 c3"
      src="test"
    />
  </div>
</div>
`;
