// Jest Snapshot v1, https://goo.gl/fbAQLP

exports[`<Cart /> should render same with snapshot 1`] = `
.c3 {
  position: relative;
  height: 55px;
  width: 183px;
  font-size: 25px;
  background: center / cover no-repeat url();
  cursor: pointer;
}

.c1 {
  width: 950px;
  height: 1px;
  -webkit-transform: none;
  -ms-transform: none;
  transform: none;
  background: url(https://store-6-bucket.s3.ap-northeast-2.amazonaws.com/common/line.svg) bottom left no-repeat;
  background-size: cover;
}

.c2 {
  display: -webkit-box;
  display: -webkit-flex;
  display: -ms-flexbox;
  display: flex;
  -webkit-align-items: center;
  -webkit-box-align: center;
  -ms-flex-align: center;
  align-items: center;
  -webkit-box-pack: end;
  -webkit-justify-content: flex-end;
  -ms-flex-pack: end;
  justify-content: flex-end;
  position: relative;
  right: 110px;
  margin-top: 30px;
  gap: 50px;
  font-size: 25px;
}

.c0 {
  display: -webkit-box;
  display: -webkit-flex;
  display: -ms-flexbox;
  display: flex;
  height: 80px;
  -webkit-align-items: center;
  -webkit-box-align: center;
  -ms-flex-align: center;
  align-items: center;
  font-size: 15px;
  width: 950px;
  text-align: center;
}

.c0 > :first-child {
  -webkit-box-flex: 2;
  -webkit-flex-grow: 2;
  -ms-flex-positive: 2;
  flex-grow: 2;
}

.c0 > :nth-child(2) {
  -webkit-box-flex: 1;
  -webkit-flex-grow: 1;
  -ms-flex-positive: 1;
  flex-grow: 1;
}

.c0 > :nth-child(3) {
  -webkit-box-flex: 1;
  -webkit-flex-grow: 1;
  -ms-flex-positive: 1;
  flex-grow: 1;
}

.c0 > :last-child {
  -webkit-box-flex: 1;
  -webkit-flex-grow: 1;
  -ms-flex-positive: 1;
  flex-grow: 1;
}

<div>
  <div>
    <div
      class="c0"
    >
      <div>
        상품명
      </div>
      <div>
        판매가
      </div>
      <div>
        주문금액
      </div>
      <div>
        수령
      </div>
    </div>
    <div
      class="c1"
      direction="horizontal"
      width="950px"
    />
    <div />
    <div
      class="c2"
    >
      <div>
        총 
        0
        원
      </div>
      <button
        class="c3"
      >
        결제하기
      </button>
      <div />
    </div>
  </div>
</div>
`;
