// Jest Snapshot v1, https://goo.gl/fbAQLP

exports[`<PhoneInput /> should render same with snapshot 1`] = `
.c0 {
  display: -webkit-box;
  display: -webkit-flex;
  display: -ms-flexbox;
  display: flex;
  -webkit-align-items: center;
  -webkit-box-align: center;
  -ms-flex-align: center;
  align-items: center;
  -webkit-box-pack: center;
  -webkit-justify-content: center;
  -ms-flex-pack: center;
  justify-content: center;
  position: relative;
  bottom: 4px;
}

.c1 {
  text-align: center;
  box-sizing: border-box;
  width: 100px;
  height: 34px;
  padding: 0 16px 10px 16px;
  margin-top: 16px;
  line-height: 25px;
  font-size: 14px;
  background: bottom left / contain no-repeat url();
}

.c1::-webkit-input-placeholder {
  color: #999;
}

.c1::-moz-placeholder {
  color: #999;
}

.c1:-ms-input-placeholder {
  color: #999;
}

.c1::placeholder {
  color: #999;
}

<div>
  <div
    class="c0"
  >
    <input
      class="c1"
      maxlength="3"
      placeholder="입력이"
      type="text"
      value=""
    />
    <img
      alt="hyphen"
      style="margin: 10px;"
    />
    <input
      class="c1"
      maxlength="4"
      placeholder="필요"
      type="text"
      value=""
    />
    <img
      alt="hyphen"
      style="margin: 10px;"
    />
    <input
      class="c1"
      maxlength="4"
      placeholder="합니다"
      type="text"
      value=""
    />
  </div>
</div>
`;
