// Jest Snapshot v1, https://goo.gl/fbAQLP

exports[`<UserInfoInput /> should render same with snapshot 1`] = `
.c0 {
  display: -webkit-box;
  display: -webkit-flex;
  display: -ms-flexbox;
  display: flex;
  -webkit-align-items: center;
  -webkit-box-align: center;
  -ms-flex-align: center;
  align-items: center;
  -webkit-box-pack: space-evenly;
  -webkit-justify-content: space-evenly;
  -ms-flex-pack: space-evenly;
  justify-content: space-evenly;
  width: 630px;
  height: 70px;
  margin: 30px 0;
}

.c1 {
  font-size: 20px;
}

.c2 {
  border: none;
  outline: none;
  font-size: 15px;
  cursor: pointer;
  color: #000;
}

<div>
  <div
    class="c0"
  >
    <div
      class="c1"
    >
      test
    </div>
    <div
      class="c2"
      disabled=""
    >
      수정
    </div>
  </div>
</div>
`;
