// Jest Snapshot v1, https://goo.gl/fbAQLP

exports[`<ProductList /> should render same with snapshot 1`] = `
.c0 {
  display: -webkit-box;
  display: -webkit-flex;
  display: -ms-flexbox;
  display: flex;
  width: 100%;
  height: 100%;
  -webkit-box-pack: center;
  -webkit-justify-content: center;
  -ms-flex-pack: center;
  justify-content: center;
}

.c1 {
  width: 218px;
  height: 100%;
}

.c3 {
  width: 700px;
  height: 100%;
}

.c2 {
  width: 1px;
  height: 100%;
  margin: 0 45px;
  background: url(https:/store-6-bucket.s3.ap-northeast-2.amazonaws.com/common/vertical-line.svg) bottom left no-repeat;
  background-size: cover;
}

<div>
  <div
    class="c0"
  >
    <section
      class="c1"
    >
      <div>
        <button
          type="button"
        >
          sdfsdfsdf
        </button>
      </div>
      <div>
        <span>
          순서 컴포넌트
        </span>
      </div>
    </section>
    <div
      class="c2"
    />
    <section
      class="c3"
    >
      <button
        type="button"
      >
        카테고리 현재 선택
      </button>
      <div>
        검색
      </div>
      <div>
        상품리스트
      </div>
      <div>
        스크롤
      </div>
    </section>
  </div>
</div>
`;
