// Jest Snapshot v1, https://goo.gl/fbAQLP

exports[`<MyPage /> should render same with snapshot 1`] = `
.c2 {
  width: 700px;
  height: 4px;
  -webkit-transform: none;
  -ms-transform: none;
  transform: none;
  background: url(https://store-6-bucket.s3.ap-northeast-2.amazonaws.com/common/line.svg) bottom left no-repeat;
  background-size: cover;
}

.c9 {
  width: 630px;
  height: 1px;
  -webkit-transform: none;
  -ms-transform: none;
  transform: none;
  background: url(https://store-6-bucket.s3.ap-northeast-2.amazonaws.com/common/line.svg) bottom left no-repeat;
  background-size: cover;
}

.c10 {
  display: -webkit-box;
  display: -webkit-flex;
  display: -ms-flexbox;
  display: flex;
  -webkit-align-items: center;
  -webkit-box-align: center;
  -ms-flex-align: center;
  align-items: center;
  -webkit-box-pack: space-evenly;
  -webkit-justify-content: space-evenly;
  -ms-flex-pack: space-evenly;
  justify-content: space-evenly;
  width: 630px;
  height: 70px;
  margin: 30px 0;
}

.c11 {
  font-size: 20px;
}

.c13 {
  border: none;
  outline: none;
  font-size: 15px;
  cursor: pointer;
  color: #000;
}

.c14 {
  display: -webkit-box;
  display: -webkit-flex;
  display: -ms-flexbox;
  display: flex;
  -webkit-align-items: center;
  -webkit-box-align: center;
  -ms-flex-align: center;
  align-items: center;
  -webkit-box-pack: center;
  -webkit-justify-content: center;
  -ms-flex-pack: center;
  justify-content: center;
  position: relative;
  bottom: 4px;
}

.c15 {
  text-align: center;
  box-sizing: border-box;
  width: 100px;
  height: 34px;
  padding: 0 16px 10px 16px;
  margin-top: 16px;
  line-height: 25px;
  font-size: 14px;
  background: bottom left / contain no-repeat url();
}

.c15::-webkit-input-placeholder {
  color: #999;
}

.c15::-moz-placeholder {
  color: #999;
}

.c15:-ms-input-placeholder {
  color: #999;
}

.c15::placeholder {
  color: #999;
}

.c12 {
  box-sizing: border-box;
  width: 370px;
  height: 34px;
  padding: 0 16px 10px 16px;
  margin-top: 16px;
  line-height: 25px;
  font-size: 20px;
  background: bottom left / contain no-repeat url();
}

.c12::-webkit-input-placeholder {
  color: #999;
}

.c12::-moz-placeholder {
  color: #999;
}

.c12:-ms-input-placeholder {
  color: #999;
}

.c12::placeholder {
  color: #999;
}

.c0 {
  width: 100%;
  height: 100%;
  display: -webkit-box;
  display: -webkit-flex;
  display: -ms-flexbox;
  display: flex;
  -webkit-flex-direction: column;
  -ms-flex-direction: column;
  flex-direction: column;
  -webkit-align-items: center;
  -webkit-box-align: center;
  -ms-flex-align: center;
  align-items: center;
  gap: 70px;
  margin-top: 90px;
}

.c1 {
  font-size: 25px;
  padding: 6px 40px 20px 30px;
}

.c3 {
  display: -webkit-box;
  display: -webkit-flex;
  display: -ms-flexbox;
  display: flex;
  -webkit-align-items: center;
  -webkit-box-align: center;
  -ms-flex-align: center;
  align-items: center;
  -webkit-box-pack: space-evenly;
  -webkit-justify-content: space-evenly;
  -ms-flex-pack: space-evenly;
  justify-content: space-evenly;
  width: 630px;
  height: 70px;
  margin: 30px 0;
}

.c4 {
  font-size: 20px;
}

.c5 {
  display: -webkit-box;
  display: -webkit-flex;
  display: -ms-flexbox;
  display: flex;
  -webkit-align-items: center;
  -webkit-box-align: center;
  -ms-flex-align: center;
  align-items: center;
}

.c6 {
  border-radius: 50%;
  width: 60px;
  height: 60px;
  display: -webkit-box;
  display: -webkit-flex;
  display: -ms-flexbox;
  display: flex;
  -webkit-box-pack: center;
  -webkit-justify-content: center;
  -ms-flex-pack: center;
  justify-content: center;
  -webkit-align-items: center;
  -webkit-box-align: center;
  -ms-flex-align: center;
  align-items: center;
  background-size: cover;
  background-repeat: no-repeat;
  background-position: center center;
  -webkit-transition: ease-in-out 750ms;
  transition: ease-in-out 750ms;
  margin-right: 40px;
  box-shadow: rgba(50,50,93,0.25) 0px 2px 5px -1px, rgba(0,0,0,0.3) 0px 1px 3px -1px;
  cursor: pointer;
}

.c8 {
  display: -webkit-box;
  display: -webkit-flex;
  display: -ms-flexbox;
  display: flex;
  -webkit-flex-direction: column;
  -ms-flex-direction: column;
  flex-direction: column;
  gap: 10px;
}

.c8 p {
  font-size: 15px;
}

.c7 {
  display: none;
}

<div>
  <div
    class="c0"
  >
    <div>
      <div
        class="c1"
      >
        마이페이지
      </div>
      <div
        class="c2"
        direction="horizontal"
        width="700px"
      />
    </div>
    <div>
      <div
        class="c3"
      >
        <div
          class="c4"
        >
          사진
        </div>
        <div
          class="c5"
        >
          <div>
            <label
              class="c6"
              for="img"
              style="background-image: url(https://user-images.githubusercontent.com/47776356/129712816-13701b24-57cc-451e-93c6-ca7afe190af1.jpeg);"
            />
            <input
              class="c7"
              id="img"
              type="file"
            />
          </div>
          <div
            class="c8"
          >
            <p>
              사진을 클릭하면 등록된 사진을 수정할 수 있습니다.
            </p>
            <p>
              등록된 사진은 상품 리뷰, 댓글 등에 사용됩니다.
            </p>
          </div>
        </div>
        <div />
      </div>
      <div
        class="c9"
        direction="horizontal"
        width="630px"
      />
      <div
        class="c10"
      >
        <div
          class="c11"
        >
          이메일
        </div>
        <input
          class="c12"
          disabled=""
          placeholder="수정은 수정 버튼으로"
          style="font-size: 14px;"
          type="email"
          value=""
          width="370px"
        />
        <div
          class="c13"
          disabled=""
        >
          수정
        </div>
      </div>
      <div
        class="c9"
        direction="horizontal"
        width="630px"
      />
      <div
        class="c10"
      >
        <div
          class="c11"
        >
          연락처
        </div>
        <div
          class="c14"
        >
          <input
            class="c15"
            disabled=""
            maxlength="3"
            placeholder="수정은"
            type="text"
            value=""
          />
          <img
            alt="hyphen"
            style="margin: 10px;"
          />
          <input
            class="c15"
            disabled=""
            maxlength="4"
            placeholder="수정"
            type="text"
            value=""
          />
          <img
            alt="hyphen"
            style="margin: 10px;"
          />
          <input
            class="c15"
            disabled=""
            maxlength="4"
            placeholder="버튼으로"
            type="text"
            value=""
          />
        </div>
        <div
          class="c13"
          disabled=""
        >
          수정
        </div>
      </div>
    </div>
  </div>
</div>
`;
