// Jest Snapshot v1, https://goo.gl/fbAQLP

exports[`<Input /> should render same with snapshot 1`] = `
.c0 {
  box-sizing: border-box;
  width: 100%;
  height: 34px;
  padding: 0 16px 10px 16px;
  margin-top: 16px;
  line-height: 25px;
  font-size: 20px;
  background: bottom left / contain no-repeat url();
}

.c0::-webkit-input-placeholder {
  color: #999;
}

.c0::-moz-placeholder {
  color: #999;
}

.c0:-ms-input-placeholder {
  color: #999;
}

.c0::placeholder {
  color: #999;
}

<div>
  <input
    class="c0"
  />
</div>
`;
