// Jest Snapshot v1, https://goo.gl/fbAQLP

exports[`<Divider /> should render same with snapshot 1`] = `
.c0 {
  width: 100%;
  height: 1px;
  -webkit-transform: none;
  -ms-transform: none;
  transform: none;
  background: url(https://store-6-bucket.s3.ap-northeast-2.amazonaws.com/common/line.svg) bottom left no-repeat;
  background-size: cover;
}

<div>
  <div
    class="c0"
  />
</div>
`;
