// Jest Snapshot v1, https://goo.gl/fbAQLP

exports[`<Button /> should render same with snapshot 1`] = `
.c0 {
  width: 100%;
  padding-left: 32px;
  text-align: left;
  font-size: 12px;
  line-height: 15px;
  color: #ff9e2c;
}

<div>
  <div
    class="c0"
  >
    비밀번호가 너무 짧아요
  </div>
</div>
`;
