// Jest Snapshot v1, https://goo.gl/fbAQLP

exports[`<ShippingModal /> should render same with snapshot 1`] = `
.c12 {
  position: relative;
  height: 27px;
  width: 92px;
  font-size: 14px;
  background: center / cover no-repeat url();
  cursor: pointer;
}

.c16 {
  position: relative;
  height: 41px;
  width: 138px;
  font-size: 18px;
  background: center / cover no-repeat url();
  cursor: pointer;
}

.c2 {
  width: 640px;
  height: 1px;
  -webkit-transform: none;
  -ms-transform: none;
  transform: none;
  background: url(https://store-6-bucket.s3.ap-northeast-2.amazonaws.com/common/line.svg) bottom left no-repeat;
  background-size: cover;
}

.c5 {
  width: 400px;
  height: 1px;
  -webkit-transform: none;
  -ms-transform: none;
  transform: none;
  background: url(https://store-6-bucket.s3.ap-northeast-2.amazonaws.com/common/line.svg) bottom left no-repeat;
  background-size: cover;
}

.c11 {
  width: 280px;
  height: 1px;
  -webkit-transform: none;
  -ms-transform: none;
  transform: none;
  background: url(https://store-6-bucket.s3.ap-northeast-2.amazonaws.com/common/line.svg) bottom left no-repeat;
  background-size: cover;
}

.c13 {
  width: 410px;
  height: 1px;
  -webkit-transform: none;
  -ms-transform: none;
  transform: none;
  background: url(https://store-6-bucket.s3.ap-northeast-2.amazonaws.com/common/line.svg) bottom left no-repeat;
  background-size: cover;
}

.c0 {
  position: fixed;
  top: 27%;
  left: 50%;
  -webkit-transform: translate(-50%,0);
  -ms-transform: translate(-50%,0);
  transform: translate(-50%,0);
  width: 700px;
  height: 550px;
  padding: 30px;
  box-sizing: border-box;
  -webkit-filter: drop-shadow(0px 0px 15px rgba(0,0,0,0.5));
  filter: drop-shadow(0px 0px 15px rgba(0,0,0,0.5));
  border-radius: 20px;
  background-color: #fff;
  z-index: 1;
}

.c7 {
  display: -webkit-box;
  display: -webkit-flex;
  display: -ms-flexbox;
  display: flex;
  -webkit-flex-direction: row;
  -ms-flex-direction: row;
  flex-direction: row;
  position: relative;
  bottom: 3px;
  gap: 15px;
}

.c8 {
  text-align: center;
  width: 100px;
  height: 34px;
  font-size: 15px;
  background: bottom left / contain no-repeat url();
}

.c8::-webkit-input-placeholder {
  color: #999;
}

.c8::-moz-placeholder {
  color: #999;
}

.c8:-ms-input-placeholder {
  color: #999;
}

.c8::placeholder {
  color: #999;
}

.c1 {
  font-size: 25px;
  padding-bottom: 30px;
  padding-left: 15px;
  display: -webkit-box;
  display: -webkit-flex;
  display: -ms-flexbox;
  display: flex;
  -webkit-box-pack: justify;
  -webkit-justify-content: space-between;
  -ms-flex-pack: justify;
  justify-content: space-between;
}

.c1 img {
  cursor: pointer;
}

.c3 {
  display: -webkit-box;
  display: -webkit-flex;
  display: -ms-flexbox;
  display: flex;
  font-size: 20px;
  padding: 30px 30px 30px 0;
  -webkit-box-pack: center;
  -webkit-justify-content: center;
  -ms-flex-pack: center;
  justify-content: center;
  text-align: center;
}

.c3 > div:first-child {
  width: 150px;
  display: -webkit-box;
  display: -webkit-flex;
  display: -ms-flexbox;
  display: flex;
  -webkit-align-items: center;
  -webkit-box-align: center;
  -ms-flex-align: center;
  align-items: center;
  text-align: center;
}

.c3 input {
  padding: 0 16px 10px 0;
  width: 350px;
  font-size: 15px;
}

.c4 div {
  -webkit-filter: invert(71%) sepia(15%) saturate(2122%) hue-rotate(128deg) brightness(92%) contrast(78%);
  filter: invert(71%) sepia(15%) saturate(2122%) hue-rotate(128deg) brightness(92%) contrast(78%);
}

.c6 {
  display: -webkit-box;
  display: -webkit-flex;
  display: -ms-flexbox;
  display: flex;
  padding: 30px 30px 30px 0;
  font-size: 20px;
  -webkit-align-items: center;
  -webkit-box-align: center;
  -ms-flex-align: center;
  align-items: center;
}

.c6 > div:first-child {
  text-align: center;
  width: 180px;
}

.c9 {
  display: -webkit-box;
  display: -webkit-flex;
  display: -ms-flexbox;
  display: flex;
  font-size: 20px;
  padding: 30px 30px 30px 0px;
}

.c9 > div:first-child {
  width: 180px;
  display: -webkit-box;
  display: -webkit-flex;
  display: -ms-flexbox;
  display: flex;
  -webkit-align-items: center;
  -webkit-box-align: center;
  -ms-flex-align: center;
  align-items: center;
  -webkit-box-pack: center;
  -webkit-justify-content: center;
  -ms-flex-pack: center;
  justify-content: center;
}

.c9 > div:last-child {
  width: 420px;
}

.c9 input {
  padding: 0 16px 10px 16px;
  font-size: 15px;
}

.c10 {
  display: -webkit-box;
  display: -webkit-flex;
  display: -ms-flexbox;
  display: flex;
  padding-bottom: 20px;
  gap: 35px;
}

.c14 {
  padding-top: 20px;
}

.c14 div {
  -webkit-filter: invert(71%) sepia(15%) saturate(2122%) hue-rotate(128deg) brightness(92%) contrast(78%);
  filter: invert(71%) sepia(15%) saturate(2122%) hue-rotate(128deg) brightness(92%) contrast(78%);
}

.c15 {
  text-align: center;
}

<div>
  <div
    class="c0"
  >
    <div
      class="c1"
    >
      <div>
        주소입력
      </div>
      <button
        type="button"
      >
        <img
          alt="close"
        />
      </button>
    </div>
    <div
      class="c2"
      direction="horizontal"
      width="640px"
    />
    <div
      class="c3"
    >
      <div>
        받으시는 분 이름
      </div>
      <div
        class="c4"
      >
        <input
          type="text"
          value=""
        />
        <div
          class="c5"
          direction="horizontal"
          width="400px"
        />
      </div>
    </div>
    <div
      class="c2"
      direction="horizontal"
      width="640px"
    />
    <div
      class="c6"
    >
      <div>
        연락처
      </div>
      <div
        class="c7"
      >
        <input
          autocomplete="off"
          class="c8"
          placeholder="010"
          type="text"
          value=""
        />
        <img
          alt="hyphen"
        />
        <input
          autocomplete="off"
          class="c8"
          placeholder="0000"
          type="text"
          value=""
        />
        <img
          alt="hyphen"
        />
        <input
          autocomplete="off"
          class="c8"
          placeholder="0000"
          type="text"
          value=""
        />
      </div>
    </div>
    <div
      class="c2"
      direction="horizontal"
      width="640px"
    />
    <div
      class="c9"
    >
      <div>
        주소
      </div>
      <div>
        <div
          class="c10"
        >
          <div>
            <input
              disabled=""
              type="text"
              value=""
            />
            <div
              class="c11"
              direction="horizontal"
              width="280px"
            />
          </div>
          <button
            class="c12"
          >
            우편번호 찾기
          </button>
        </div>
        <input
          disabled=""
          style="width: 410px;"
          type="text"
          value=""
        />
        <div
          class="c13"
          direction="horizontal"
          width="410px"
        />
        <div
          class="c14"
        >
          <input
            style="width: 410px;"
            type="text"
            value=""
          />
          <div
            class="c13"
            direction="horizontal"
            width="410px"
          />
        </div>
      </div>
    </div>
    <div
      class="c15"
    >
      <button
        class="c16"
      >
        등록
      </button>
    </div>
  </div>
</div>
`;
